mads 2.1.8
src/cactus.asm -o:bin/cactus.xex -l:bin/cactus.lab -t:bin/cactus.lst 
Label table:
00	0040	VBXE_VCTL
00	0040	VBXE_CORE_VER
00	0041	VBXE_XDL_ADR0
00	0042	VBXE_XDL_ADR1
00	0043	VBXE_XDL_ADR2
00	0044	VBXE_CSEL
00	0045	VBXE_PSEL
00	0046	VBXE_CR
00	0047	VBXE_CG
00	0048	VBXE_CB
00	0050	VBXE_BL_ADR0
00	0053	VBXE_BLITTER
00	005D	VBXE_MEMAC_B
00	0001	VC_XDL_ENABLED
00	0002	VC_XCOLOR
00	0010	FX_CORE_VER
00	0001	XDLC_TMON
00	0002	XDLC_GMON
00	0004	XDLC_OVOFF
00	0010	XDLC_MAPOFF
00	0020	XDLC_RPTL
00	0040	XDLC_OVADR
00	0100	XDLC_CHBASE
00	0800	XDLC_OVATT
00	8000	XDLC_END
00	0000	VRAM_SCREEN
00	1300	VRAM_BCB
00	1380	VRAM_PATTERN
00	13C0	VRAM_GRAD
00	1400	VRAM_XDL
00	1480	VRAM_IMG_BCB
00	14C0	VRAM_GRAD_BCB
00	1514	VRAM_HLINE_BCB
00	5514	MEMB_HLINE_BCB
00	2000	VRAM_FONT
00	0005	PAGE_BUF_BANK
00	4000	MEMB_BASE
00	4000	MEMB_SCREEN
00	5300	MEMB_BCB
00	5380	MEMB_PATTERN
00	5400	MEMB_XDL
00	6000	MEMB_FONT
00	0050	SCR_COLS
00	001D	SCR_ROWS
00	00A0	SCR_STRIDE
00	0004	CHBASE_VAL
00	0002	CONTENT_TOP
00	001A	CONTENT_BOT
00	0019	CONTENT_ROWS
00	0000	URL_ROW
00	0001	TITLE_ROW
00	001B	STATUS_ROW
00	0000	COL_BLACK
00	0001	COL_WHITE
00	0002	COL_BLUE
00	0003	COL_ORANGE
00	0004	COL_GREEN
00	0005	COL_RED
00	0006	COL_GRAY
00	0007	COL_YELLOW
00	000C	COL_CYAN
00	000D	COL_PINK
00	000E	COL_LTGRAY
00	000F	COL_LIME
00	0010	ATTR_ANSI_BASE
00	0001	ATTR_NORMAL
00	0002	ATTR_LINK
00	0020	ATTR_LINK_BASE
00	0003	ATTR_HEADING
00	0007	ATTR_H1
00	0003	ATTR_H2
00	0004	ATTR_H3
00	000C	ATTR_H4
00	000E	ATTR_H5
00	000E	ATTR_H6
00	0005	ATTR_ERROR
00	0006	ATTR_DECOR
00	000D	ATTR_UNDERLINE
00	0006	ATTR_SUP
00	000F	ATTR_SUB
00	0012	RTCLOK
00	022F	SDMCTL
00	02F4	CHBAS
00	02FC	CH
00	D300	PORTA
00	E459	SIOV
00	E477	COLDSV
00	D014	PAL
00	0300	DDEVIC
00	0301	DUNIT
00	0302	DCOMND
00	0303	DSTATS
00	0304	DBUFLO
00	0305	DBUFHI
00	0306	DTIMLO
00	0308	DBYTLO
00	0309	DBYTHI
00	030A	DAUX1
00	030B	DAUX2
00	02EA	DVSTAT
00	000C	KEY_RETURN
00	0021	KEY_SPACE
00	00FF	KEY_NONE
00	007F	ATASCII_TAB
00	009B	ATASCII_RET
00	0020	CH_SPACE
00	0080	ZP_VBXE_BASE
00	0082	ZP_CURSOR_ROW
00	0083	ZP_CURSOR_COL
00	0084	ZP_CUR_ATTR
00	0085	ZP_SCR_PTR
00	0087	ZP_TMP_PTR
00	0089	ZP_TMP_PTR2
00	008B	ZP_TMP1
00	008C	ZP_TMP2
00	008D	ZP_TMP3
00	008E	ZP_PARSE_STATE
00	008F	ZP_TAG_IDX
00	0090	ZP_ATTR_IDX
00	0091	ZP_VAL_IDX
00	0092	ZP_ENTITY_IDX
00	0093	ZP_RENDER_COL
00	0094	ZP_RENDER_ROW
00	0095	ZP_WORD_LEN
00	0096	ZP_INDENT
00	0097	ZP_IN_LINK
00	0098	ZP_LINK_NUM
00	0099	CHUNK_IDX
00	009A	EMIT_SKIP
00	009B	UTF8_SKIP
00	009C	ZP_IN_SKIP
00	009D	ZP_LIST_TYPE
00	009E	ZP_LIST_ITEM
00	009F	ZP_FN_CONNECTED
00	00A0	ZP_FN_ERROR
00	00A1	ZP_FN_BYTES_LO
00	00A2	ZP_FN_BYTES_HI
00	00A3	ZP_RX_LEN
00	00A4	ZP_CUR_LINK
00	00A5	ZP_SCROLL_POS
00	00A7	ANSI_STATE
00	00A8	IN_PRE
00	00A9	ZP_HIST_PTR
00	00AA	IN_QUOTES
00	00AB	ZP_IMG_PTR
00	00AD	ZP_MEMB_SHADOW
00	00AE	ZP_TIRQ_SAVED
00	00AF	ZP_VBI_SAVED
00	00B8	ZP_PB_WR_PTR
00	00BA	ZP_PB_RD_PTR
00	00BC	ZP_TAB_LINK
00	00BD	SKIP_HF
00	00BE	EMIT_SLOW
00	00BF	LAST_WAS_SP
00	D600	VBXE_REGS
00	3000	MAIN
00	303F	MAIN.NO_VBXE
00	306B	IS_PAL
00	306C	MEMAC_PATCH
00	308A	VBXE_DETECT
00	30A5	VBXE_INIT
00	30E1	COPY_FONT
00	3102	COPY_FONT.INT2ASC
00	3106	COPY_FONT_INV
00	3125	SETUP_XDL
00	3131	SETUP_XDL.XDL_DATA
00	0013	SETUP_XDL.XDL_LEN
00	3144	SETUP_BCB
00	3150	SETUP_BCB.BCB_DATA
00	00BD	SETUP_BCB.BCB_DATA_LEN
00	0000	BCB_CLS_OFS
00	002A	BCB_SCROLL_OFS
00	0069	BCB_ROW_OFS
00	0093	BCB_CONTENT_OFS
00	01C0	BCB_GRAD_OFS
00	320D	SETUP_GRAD_BCB
00	3219	SETUP_GRAD_BCB.GRAD_DATA
00	326D	SETUP_GRAD_BCB.HLINE_BCB
00	007E	SETUP_GRAD_BCB.GRAD_DATA_LEN
00	3297	ROW_ADDR_LO
00	32B4	ROW_ADDR_HI
00	32D1	CALC_SCR_PTR
00	32E3	VBXE_SETPOS
00	32EA	VBXE_PUTCHAR
00	332B	VBXE_EMIT
00	338C	VBXE_FILL_CHAR
00	33AB	VBXE_PUT_WORD
00	340E	VBXE_PRINT
00	341A	VBXE_PRINT.PL_S
00	3438	VBXE_PRINT.PL_E
00	344C	BLIT_RUN
00	3468	BLIT_IDLE
00	346A	BLIT_IDLE.WT
00	3472	BLIT_IDLE.WT_END
00	3476	BLIT_GO
00	3487	BLIT_SYNC
00	348D	BLIT_KICK
00	34A0	BLIT_PENDING
00	34A1	VBXE_CLS
00	34AF	VBXE_SCROLL_UP
00	34B7	UI_CLEAR_CONTENT
00	34BF	VBXE_CLEAR_ROW
00	34C1	VBXE_FILL_ROW
00	34F4	VBXE_HLINE
00	3550	VBXE_CELL_GET
00	3568	VBXE_CELL_PUT
00	357F	STATUS_MSG_SUB
00	35ED	SB_TEXT
00	3608	SB_EMIT
00	3623	SB_CHAR
00	3632	SB_NUM
00	3661	SB_ATTR
00	3662	WAIT_FRAMES_SUB
00	366C	TAB_FIND_NEXT
00	36A2	TAB_FIND_NEXT.SCAN_ROW
00	36AC	TAB_FIND_NEXT.SCAN_COL
00	36C7	TAB_FIND_NEXT.SCAN_END
00	36E9	VBXE_RESTORE_XDL
00	0010	FIND_MAX_LEN
00	0010	FIND_MAX_MATCH
00	0007	FIND_HILITE
00	0500	FIND_BUF
00	0510	FIND_MATCH_ROW
00	0520	FIND_MATCH_COL
00	0530	FIND_LEN
00	0531	FIND_COUNT
00	0532	FIND_TOTAL
00	0533	FIND_MPOS
00	0534	FIND_INTAG
00	0540	FIND_FOLD
00	0700	FIND_SAVED
00	36FB	FIND_START
00	376E	FIND_SCAN
00	37A4	FIND_SCAN.COL_LOOP
00	37A8	FIND_SCAN.CMP_LOOP
00	37BB	FIND_SCAN.CMP_END
00	37D9	FIND_SCAN.COL_END
00	37E8	FIND_HIGHLIGHT
00	383F	FIND_RESTORE
00	388F	FIND_RESTORE.PEND
00	3892	FIND_PRINT_NUM
00	38AC	FIND_SCAN_FULL
00	391C	FIND_SCAN_FULL.SLP_S
00	3954	FIND_SCAN_FULL.SLP_E
00	39AA	M_PROMPT
00	39CF	M_NOMATCH
00	39E3	M_FOUND
00	39F6	M_VISIBLE
00	3A01	M_TOTAL
00	3000	VRAM_IMG_BASE
00	3A08	IMG_ACTIVE
00	3A09	IMG_HEIGHT
00	3A0A	IMG_VRAM
00	3A0D	IMG_WR_BANK
00	3A0E	VBXE_IMG_ALLOC
00	3A22	VBXE_IMG_BEGIN_WRITE
00	3A44	VBXE_IMG_WRITE_CHUNK
00	3A5D	VBXE_IMG_WRITE_BIG
00	3A82	VBXE_IMG_WRITE_BIG.BLK
00	3AD4	VBXE_IMG_WRITE_BIG.CP_LOOP
00	3ADC	VBXE_IMG_WRITE_BIG.CP_END
00	3B38	PB_WR_BANK
00	3B39	PB_RD_BANK
00	3B3A	PB_TOTAL
00	3B3D	PB_READ
00	3B40	VBXE_PB_INIT_WRITE
00	3B59	VBXE_PB_INIT_READ
00	3B72	VBXE_PB_WRITE_BIG
00	3B92	VBXE_PB_WRITE_CHUNK
00	3C12	VBXE_PB_READ_CHUNK
00	3C2E	VBXE_PB_READ_CHUNK.WH_S
00	3C9E	VBXE_PB_READ_CHUNK.RD_LOOP
00	3CA6	VBXE_PB_READ_CHUNK.RD_END
00	3CB4	VBXE_IMG_SHOW_FULLSCREEN
00	3D28	VBXE_IMG_SHOW_FULLSCREEN.IMG_XDL
00	0015	VBXE_IMG_SHOW_FULLSCREEN.IMG_XDL_LEN
00	3D3D	VBXE_IMG_SHOW_FULLSCREEN.IMG_XDL_STATUS
00	3D48	VBXE_IMG_HIDE
00	3000	VRAM_GRADIENT
00	0140	GRAD_BAND_W
00	0004	GRAD_BANDS
00	0008	GRAD_BAND_H
00	001A	TITLE_TEXT_ROWS
00	3D67	TITLE_GFX_INIT
00	3D87	TITLE_GFX_INIT.TITLE_XDL_DATA
00	0033	TITLE_GFX_INIT.TITLE_XDL_LEN
00	000A	BK_SLOTS
00	0040	BK_SLOT_SZ
00	02CC	BK_SECT_FIRST
00	0005	BK_NUM_SECT
00	0278	STICK0
00	0800	BOOKMARKS_BUF
00	3DBA	BK_SLOT_LO
00	3DC4	BK_SLOT_HI
00	3DCE	BK_SLOT_ADDR
00	3DD9	BK_SIO_SECTOR
00	3E22	BK_SECT_LO
00	3E23	BK_SECT_HI
00	3E24	BK_SEL
00	3E25	BK_LOAD
00	3E43	BK_RW_ALL
00	3E78	BK_SECT_OFF_LO
00	3E7D	BK_SECT_OFF_HI
00	3E82	BK_RW_REQ
00	3E83	BK_SANITIZE
00	3EAB	BK_SAVE
00	3EB0	BK_SCREEN
00	4008	BK_DIGIT_CODES
00	4012	BK_OLD_SEL
00	4013	BK_STICK_RELEASE
00	401B	BK_EDIT
00	4077	BK_DRAW_HEADER
00	4093	BK_DRAW_HEADER.M_HDR
00	409D	BK_DRAW_HINT
00	40A6	BK_DRAW_HINT.M_HINT
00	40EE	BK_DRAW_LIST
00	40FE	BK_DRAW_TWO
00	410A	BK_DRAW_ROW
00	4187	BK_DRAW_ROW.M_EMP
00	02CB	SET_SECT
00	0A80	SETTINGS_BUF
00	418F	SET_LOAD
00	41B0	SET_SAVE
00	41D7	SET_IO
00	0071	FN_DEVID
00	0001	FN_UNIT
00	41EA	FN_CUR_UNIT
00	004F	FN_CMD_OPEN
00	0043	FN_CMD_CLOSE
00	0052	FN_CMD_READ
00	0053	FN_CMD_STATUS
00	0040	SIO_READ
00	0080	SIO_WRITE
00	0000	SIO_NONE
00	0004	FN_OPEN_READ
00	0000	FN_TRANS_NONE
00	001E	FN_TIMEOUT
00	0100	URL_BUF_SIZE
00	0100	RX_BUF_SIZE
00	41EB	FN_OPEN
00	4226	FN_STATUS
00	4274	FN_READ
00	42B8	SIO_OK
00	42C0	FN_READ_IMG
00	4320	FN_CLOSE
00	434F	HTTP_DOWNLOAD
00	44BF	HTTP_DOWNLOAD.M_OPERR
00	44EA	HTTP_DOWNLOAD.M_RDERR
00	44F7	HTTP_DOWNLOAD.M_RDERR_HEX
00	4502	HTTP_DOWNLOAD.M_RDERR_CODE
00	4503	HTTP_DOWNLOAD.HTTP_IDLE_CNT
00	4504	HTTP_BYTES_LO
00	4505	HTTP_BYTES_HI
00	4506	HTTP_REMAIN_LO
00	4507	HTTP_REMAIN_HI
00	4508	DL_ACTIVE
00	4509	IMG_DEFERRED
00	450A	HTTP_RENDER
00	4565	HTTP_RENDER.PB_CHUNK_SIZE
00	4566	HTTP_RENDER.PB_RD_SAVE_BANK
00	4567	HTTP_RENDER.PB_RD_SAVE_LO
00	4568	HTTP_RENDER.PB_RD_SAVE_HI
00	4569	HTTP_NAVIGATE
00	462D	HTTP_NAVIGATE.M_NODATA
00	4655	HTTP_NAVIGATE.M_UNSUPPORTED
00	466E	HTTP_ENSURE_PREFIX
00	46F2	HTTP_SAVE_BASE
00	475E	HTTP_RESOLVE_URL
00	0004	EXT_MAX
00	0550	EXT_BUF
00	4813	URL_EXT
00	484A	EXT_IN_TABLE
00	485E	EXT_IN_TABLE.ET_S
00	4882	EXT_IN_TABLE.ET_E
00	4886	HTTP_CHECK_IMG_EXT
00	4894	HTTP_CHECK_IMG_EXT.IMG_EXT_TBL
00	48A6	HTTP_CHECK_BINARY_EXT
00	48B4	HTTP_CHECK_BINARY_EXT.BIN_EXT_TBL
00	4927	HTTP_URL_TOLOWER
00	4962	NIBBLE_TO_HEX
00	496C	BYTE_TO_HEX
00	497B	USE_PROXY
00	497C	HTTP_APPLY_PROXY
00	4A09	PROXY_PREFIX
00	4A37	URL_BUILD_SEARCH
00	4A75	SEARCH_PREFIX
00	4A7F	SEARCH_HOST
00	000A	SEARCH_SCHEME
00	4AA2	HTTP_EXTRACT_FRAG
00	4ADE	PAL_REGS
00	4AFC	SETUP_PALETTE
00	4B10	SETUP_PALETTE.ST_R
00	4B16	SETUP_PALETTE.ST_G
00	4B1C	SETUP_PALETTE.ST_B
00	4B26	SETUP_PALETTE.ST_LR
00	4B2B	SETUP_PALETTE.ST_LG
00	4B30	SETUP_PALETTE.ST_LB
00	4B37	SETUP_PALETTE.PAL_R
00	0020	SETUP_PALETTE.PAL_N
00	4B57	SETUP_PALETTE.PAL_G
00	4B77	SETUP_PALETTE.PAL_B
00	4B97	VBXE_IMG_SETPAL
00	4BAC	VBXE_IMG_SETPAL.ST_R
00	4BB6	VBXE_IMG_SETPAL.ST_G
00	4BC0	VBXE_IMG_SETPAL.ST_B
00	0000	PS_NORMAL
00	0001	PS_IN_TAG
00	0002	PS_IN_ENTITY
00	0003	PS_IN_ATTRNAME
00	0004	PS_IN_ATTRVAL
00	0005	PS_SKIP_TAG
00	0006	PS_IN_COMMENT
00	0000	TAG_UNKNOWN
00	0001	TAG_H1
00	0002	TAG_H2
00	0003	TAG_H3
00	0004	TAG_P
00	0005	TAG_BR
00	0006	TAG_A
00	0007	TAG_UL
00	0008	TAG_OL
00	0009	TAG_LI
00	000A	TAG_B
00	000B	TAG_STRONG
00	000C	TAG_I
00	000D	TAG_EM
00	000E	TAG_TITLE
00	000F	TAG_SCRIPT
00	0010	TAG_STYLE
00	0011	TAG_IMG
00	0012	TAG_INPUT
00	0013	TAG_FORM
00	0014	TAG_DIV
00	0015	TAG_SPAN
00	0016	TAG_PRE
00	0017	TAG_HR
00	0018	TAG_NOSCRIPT
00	0019	TAG_TABLE
00	001A	TAG_TR
00	001B	TAG_TD
00	001C	TAG_TH
00	001D	TAG_BLOCKQUOTE
00	001E	TAG_DT
00	001F	TAG_DD
00	0020	TAG_CODE
00	0021	TAG_HEAD
00	0022	TAG_BODY
00	0023	TAG_H4
00	0024	TAG_H5
00	0025	TAG_H6
00	0026	TAG_U
00	0027	TAG_SUP
00	0028	TAG_SUB
00	0029	TAG_NAV
00	002A	TAG_ARTICLE
00	002B	TAG_SECTION
00	002C	TAG_ASIDE
00	002D	TAG_HEADER
00	002E	TAG_FOOTER
00	002F	TAG_MAIN
00	0010	TAG_BUF_SIZE
00	0010	ATTR_BUF_SIZE
00	0100	VAL_BUF_SIZE
00	0008	ENTITY_BUF_SZ
00	4BCC	HTML_RESET
00	4C00	HTML_PROCESS_CHUNK
00	4C05	PARSE_LOOP_Y
00	4C07	PARSE_LOOP_RE
00	4C26	PARSE_CHUNK_DONE
00	4C27	PARSE_SENTINEL
00	4C2F	RESET_PARSE_AND_LOOP
00	4C36	STATE_TBL_LO
00	4C3D	STATE_TBL_HI
00	4C44	PARSE_NORMAL
00	4D68	PARSE_TAG
00	4E00	PARSE_ATTRNAME
00	4E5E	PARSE_ATTRVAL
00	4EFB	PARSE_SKIPMODE
00	4F24	PARSE_COMMENT
00	4F5D	COMMENT_DASHES
00	4F5E	PARSE_ENTITY
00	5BF6	HTML_FLUSH
00	4FA9	HTML_EMIT_CHAR
00	4FAE	HTML_EMIT_CHAR_NS
00	4FE2	UPDATE_EMIT_SKIP
00	5006	IS_CLOSING
00	5007	IN_TITLE
00	5008	UTF8_LEAD
00	5009	TD_COUNT
00	500A	ZP_IN_HEAD
00	0020	FRAG_BUF_SZ
00	500B	SKIP_TO_FRAG
00	500C	FRAG_BUF
00	502C	UTF8_XLAT
00	504A	UTF8_C3
00	508A	UTF8_C4
00	50CA	UTF8_C5
00	510A	ANSI_PARAM
00	510B	ANSI_BOLD
00	510C	ANSI_PROCESS
00	515C	ANSI_APPLY_SGR
00	519D	TAG_NAME_BUF
00	51AD	ATTR_NAME_BUF
00	51BD	ATTR_VAL_BUF
00	52BD	ENTITY_BUF
00	52C5	CURRENT_TAG_ID
00	5300	PROCESS_TAG
00	5367	NOP_TAG
00	5368	OTBL_LO
00	5398	OTBL_HI
00	53C8	CTBL_LO
00	53F8	CTBL_HI
00	5428	OPEN_TITLE
00	5433	OPEN_SKIP
00	543A	OPEN_IMG
00	5446	OPEN_HR
00	5452	OPEN_DIV
00	545D	OPEN_HEAD
00	5465	OPEN_BODY
00	5473	OPEN_UNDERLINE
00	5476	OPEN_SUP
00	5479	OPEN_SUB
00	547E	TBL_ACTIVE
00	547F	TBL_HAD_TH
00	5480	OPEN_TABLE
00	5496	OPEN_TR
00	54B5	OPEN_TD
00	54C8	OPEN_TH
00	54E4	M_TBL_SEP
00	54E8	OPEN_BQ
00	54F6	OPEN_DT
00	54E8	OPEN_DD
00	5501	OPEN_CODE
00	5506	OPEN_PRE
00	5517	CLOSE_TITLE
00	5525	CLOSE_SKIP
00	5452	CLOSE_DIV
00	552E	CLOSE_HEAD
00	5536	CLOSE_TABLE
00	55EB	CLOSE_TR
00	5548	CLOSE_BQ
00	55DF	CLOSE_DD
00	5551	CLOSE_PRE
00	5562	OPEN_HEADING
00	5589	OPEN_PARA
00	558F	OPEN_LINK
00	55A8	OPEN_OL
00	55AF	OPEN_UL
00	55BB	OPEN_LI
00	5367	OPEN_BOLD
00	55C4	OPEN_ITALIC
00	55C9	CLOSE_HEADING
00	5589	CLOSE_PARA
00	55D3	CLOSE_LINK
00	55DF	CLOSE_LIST
00	5367	CLOSE_BOLD
00	55EB	CLOSE_ITALIC
00	55EB	CLOSE_TH
00	55EB	CLOSE_DT
00	55EB	CLOSE_CODE
00	5600	PROCESS_ATTR
00	561F	PROCESS_ATTR.CHK_SRC
00	5676	CHECK_FRAG_MATCH
00	0040	MAX_LINKS
00	0080	LINK_URL_SIZE
00	5692	CALC_LINK_ADDR
00	56A1	STORE_LINK_URL
00	0100	IMG_SRC_SIZE
00	56BD	STORE_IMG_SRC
00	56D5	STORE_IMG_AS_LINK
00	5712	STORE_IMG_AS_LINK.M_IMGTXT
00	5716	IMG_SRC_BUF
00	5816	IMG_SRC_LEN
00	002F	NUM_TAGS
00	5900	LOOKUP_TAG
00	5940	TS_A
00	5942	TS_ARTICLE
00	594A	TS_ASIDE
00	5950	TS_B
00	5952	TS_BLOCKQUOTE
00	595D	TS_BODY
00	5962	TS_BR
00	5965	TS_CODE
00	596A	TS_DD
00	596D	TS_DIV
00	5971	TS_DT
00	5974	TS_EM
00	5977	TS_FOOTER
00	597E	TS_FORM
00	5983	TS_H1
00	5986	TS_H2
00	5989	TS_H3
00	598C	TS_H4
00	598F	TS_H5
00	5992	TS_H6
00	5995	TS_HEAD
00	599A	TS_HEADER_TAG
00	59A1	TS_HR
00	59A4	TS_I
00	59A6	TS_IMG
00	59AA	TS_INPUT
00	59B0	TS_LI
00	59B3	TS_MAIN
00	59B8	TS_NAV
00	59BC	TS_NOSCRIPT
00	59C5	TS_OL
00	59C8	TS_P
00	59CA	TS_PRE
00	59CE	TS_SCRIPT
00	59D5	TS_SECTION
00	59DD	TS_SPAN
00	59E2	TS_STRONG
00	59E9	TS_STYLE
00	59EF	TS_SUB
00	59F3	TS_SUP
00	59F7	TS_TABLE
00	59FD	TS_TD
00	5A00	TS_TH
00	5A03	TS_TITLE
00	5A09	TS_TR
00	5A0C	TS_U
00	5A0E	TS_UL
00	5A11	LETTER_START
00	5A2C	TAG_TBL_LO
00	5A5B	TAG_TBL_HI
00	5A8A	TAG_IDS
00	5AB9	DECODE_ENTITY
00	5B35	EMIT_ENTITY_BUF
00	5B49	RENDER_RESET
00	5B79	RENDER_CHAR
00	5B9C	RENDER_SPACE
00	5BF6	RENDER_FLUSH_WORD
00	5C33	RENDER_OUT_CHAR
00	5C60	RENDER_NEWLINE
00	5C66	RENDER_DO_NL
00	5C97	RENDER_PAGE_PAUSE
00	5E1B	RENDER_PAGE_PAUSE.M_MORE
00	5E57	RENDER_PAGE_PAUSE.M_IMG_QUEUED
00	5E82	RENDER_PAGE_PAUSE.M_SKIPPING
00	5EAC	RENDER_PAGE_PAUSE.M_LOADING
00	5EB8	RENDER_PAGE_PAUSE.RPP_LINK_NUM
00	5EB9	RENDER_PAGE_PAUSE.RPP_SAVED_CIDX
00	5EBA	RENDER_PAGE_PAUSE.RPP_SAVED_RXLEN
00	5EBB	RENDER_PAGE_PAUSE.RPP_SAVED_QUOTES
00	5EBC	RENDER_PAGE_PAUSE.RPP_SAVED_CLOSING
00	5EBD	RENDER_PAGE_PAUSE.RPP_STATE_BUF
00	5ECC	RENDER_INDENT_OUT
00	5EE6	RENDER_NUMBER
00	5F04	RENDER_LIST_BULLET
00	5F26	RENDER_STRING
00	5F3B	RENDER_HR_LINE
00	5F3B	RENDER_TBL_LINE
00	5F5B	TITLE_LEN
00	5F5C	PAGE_ABORT
00	5F5D	PENDING_LINK
00	5F5E	SKIP_TO_HEADING
00	0050	WORD_BUF_SZ
00	5F5F	TITLE_BUF
00	E456	CIOV
00	0342	ICCOM
00	0344	ICBAL
00	0345	ICBAH
00	0348	ICBLL
00	0349	ICBLH
00	034A	ICAX1
00	034B	ICAX2
00	0003	CIO_OPEN
00	0007	CIO_GET
00	0010	KIOCB
00	009B	ATASCII_EOL
00	001B	ATASCII_ESC
00	007E	ATASCII_BS
00	0020	ATASCII_SP
00	5FAF	KBD_INIT
00	5FCD	KBD_INIT.KDEV_NAME
00	5FD0	KBD_GET
00	5FE2	KGL_INV
00	5FE3	KBD_GET_LINE
00	605E	KBD_GET_LINE.KGL_MAX
00	605F	KBD_GET_LINE.KGL_LEN
00	6060	CURSOR_BACK
00	6079	UI_INIT
00	609D	UI_INIT.M_URLP
00	60A3	UI_MAIN_LOOP
00	61B7	UI_URL_INPUT
00	621D	UI_URL_INPUT.M_GO
00	6225	UI_URL_INPUT.M_URLHINT
00	6266	UI_FOLLOW_LINK
00	62B3	UI_FOLLOW_LINK.M_BADLNK
00	62D0	UI_SHOW_URL
00	636B	UI_SHOW_URL.M_SEARCH
00	6374	UI_SHOW_TITLE
00	6390	UI_SHOW_ERROR
00	639F	UI_SHOW_ERROR.M_ERR
00	63A9	UI_STATUS_LOADING
00	63B7	UI_STATUS_LOADING.M_LOAD
00	63CD	UI_STATUS_PROGRESS
00	646F	UI_STATUS_PROGRESS.M_PROG
00	6486	UI_STATUS_PROGRESS.M_KB
00	000C	UI_STATUS_PROGRESS.PROG_COL
00	648A	UI_STATUS_PROGRESS.PROG_LAST_KB
00	648D	UI_STATUS_DONE
00	649D	UI_STATUS_END
00	64AF	UI_STATUS_END.M_END
00	64D7	UI_STATUS_ERROR
00	64E0	UI_STATUS_ERROR.M_STOP
00	64E9	TAB_NEXT_LINK
00	64FD	COPY_IMG_SRC
00	6512	IMG_HDR_W
00	6514	IMG_HDR_H
00	6515	IMG_PAL_CNT
00	6517	IMG_TIMEOUT
00	6518	IMG_PAL_LEFTOVER
00	0028	IMG_MAX_RETRIES
00	6519	IMG_CHECK_ABORT
00	6528	IMG_READ_HEADER
00	65BF	IMG_ERR_CODE
00	65C0	IMG_FN_ERR
00	65C1	IMG_READ_PALETTE
00	6673	IMG_READ_PIXELS
00	672E	IMG_LEFT
00	6731	IMG_RESOLVE_AND_BUILD_URL
00	679A	IMG_FETCH_SINGLE
00	686F	IMG_FETCH_SINGLE.M_IMGVIEW
00	6884	IMG_FETCH_SINGLE.M_STEP1
00	68AB	IMG_FETCH_SINGLE.M_STEP2
00	68CB	IMG_FETCH_SINGLE.M_STEP3
00	68F3	IMG_FETCH_SINGLE.M_STEP5
00	691C	IMG_FETCH_SINGLE.M_STEP6
00	6940	IMG_FETCH_SINGLE.ME_OPEN
00	695F	IMG_FETCH_SINGLE.ME_HDR
00	6972	IMG_FETCH_SINGLE.ME_HDR_N
00	6978	IMG_FETCH_SINGLE.ME_HDR_H
00	6983	IMG_FETCH_SINGLE.ME_ALLOC
00	69A4	IMG_FETCH_SINGLE.ME_PAL
00	69C2	IMG_SAVE_URL
00	69D4	IMG_RESTORE_URL
00	0140	IMG_ROW
00	69E6	IMG_STAGE
00	6A0A	IMG_MARGIN
00	6A1F	IMG_CENTER
00	6B27	IMG_M
00	6B29	M_PREFIX
00	6B56	M_SUFFIX
00	0010	HIST_MAX
00	0082	HIST_ENTRY_SZ
00	6B6E	HISTORY_INIT
00	6B73	HISTORY_PUSH
00	6B99	HISTORY_POP
00	6BC8	CALC_HIST_ADDR
00	6BD5	HIST_ADDR_LO
00	6BE5	HIST_ADDR_HI
00	6BF5	HISTORY_SHIFT
00	0001	MOUSE_PORT2
00	D010	STRIG0
00	D011	STRIG1
00	E45C	SETVBV
00	E462	XITVBV
00	0010	POKMSK
00	D20E	IRQEN
00	D202	AUDF2
00	D203	AUDC2
00	D208	AUDCTL
00	D209	STIMER
00	0212	VTIMR2
00	00B0	ZP_MOUSE_X
00	00B1	ZP_MOUSE_Y
00	00B2	ZP_MOUSE_BTN
00	00B3	ZP_MOUSE_OLD
00	00B4	ZP_MOUSE_DX
00	00B5	ZP_MOUSE_DY
00	00B6	ZP_MOUSE_PREV_X
00	00B7	ZP_MOUSE_PREV_Y
00	0600	STUB_BASE
00	062E	STUB_VBI_ENTRY
00	063E	STUB_VBI_EXIT
00	6C22	MOUSE_INIT
00	6C76	MOUSE_INSTALL_STUBS
00	6C8C	MOUSE_STUBS
00	6C9B	MST_BACK
00	6CA4	MST_MOVE
00	6CA9	MST_M1
00	6CAE	MST_M2
00	6CB3	MST_M3
00	6CBA	MST_VBI_ENTRY
00	6CC7	MST_VBI_JMP
00	6CCA	MST_VBI_EXIT
00	6CD4	MST_X
00	6CD7	MST_END
00	0006	MOUSE_ACCEL
00	6CD7	MOUSE_VBI
00	6D65	MOUSE_SHOW_CURSOR
00	6D92	MOUSE_SHOW_CURSOR.PEND
00	6D92	MOUSE_HIDE_CURSOR
00	6DA4	MOUSE_INVERT_CHAR
00	6DBD	MOUSE_RESTORE_CHAR
00	6DC9	MOUSE_SAVED_CHAR
00	6DCA	MOUSE_SAVED_ATTR
00	6DCB	MOUSE_COL_OFF
00	6DCC	MOUSE_CALC_VRAM
00	6DDB	MOUSE_CHECK_LINK
00	6DE9	SHOW_WELCOME
00	6EA8	TW_TITLE
00	6EB4	TW_SUBTITLE
00	6ED6	TW_REQ
00	6F03	TW_CTRL_HDR
00	6F0D	TW_CTRL1
00	6F31	TW_CTRL2
00	6F5A	TW_CTRL3
00	6F89	TW_CTRL4
00	6FBD	TW_SEARCH
00	6FF3	TW_PRESS_U
00	700E	TW_PRESS_I
00	702A	TW_PON
00	7043	TW_POFF
00	0000	UL_END
00	0001	UL_BOX
00	0002	UL_TEXT
00	0003	UL_FILL
00	705C	UI_DRAW
00	7103	UI_BOX
00	717F	UI_BOX.ROW
00	7180	UI_BOX.COL
00	7181	UI_BOX.W
00	7182	UI_BOX.H
00	7187	WELCOME_LIST
00	7302	TW_VBXE_PG
00	743C	TW_ON
00	7444	TW_OFF
00	744C	TW_PAL
00	7450	TW_NTSC
00	7455	TW_EMPTY
00	745D	SHOW_INFO
00	000C	IN_MAIN_N
00	7528	IN_MAIN_HDR
00	7530	IN_MAIN_LO
00	753C	IN_MAIN_HI
00	7548	IN_M1
00	757A	IN_M2
00	7597	IN_M3
00	75BC	IN_M4
00	75E8	IN_M5
00	7619	IN_M6
00	763D	IN_M7
00	765C	IN_M8
00	767B	IN_M9
00	769D	IN_M10
00	76CF	IN_M11
00	76F9	IN_M12
00	0007	IN_BK_N
00	7726	IN_BK_HDR
00	7737	IN_BK_LO
00	773E	IN_BK_HI
00	7745	IN_B1
00	775F	IN_B2
00	7788	IN_B3
00	77A9	IN_B4
00	77CA	IN_B5
00	77ED	IN_B6
00	7810	IN_B7
00	782B	IN_HDR
00	7834	IN_FOOT
00	784B	MSG_WELCOME
00	001A	MSG_WELCOME_COL
00	7867	MSG_AUTHOR
00	7896	MSG_NO_VBXE
00	002E	MEMAC_COUNT
00	78A9	MEMAC_SITES
00	8000	CHAR_CLASS
00	8100	RX_BUFFER
00	8200	PRINT_BUF
00	8280	WORD_BUF
00	8300	MOUSE_TAB
00	8400	MOUSE_NIB
00	0800	IMG_BIG_SIZE
00	8800	IMG_BIG_BUF
00	9000	IMG_CHUNK_LO
00	9001	IMG_CHUNK_HI
00	9002	URL_BUFFER
00	9102	URL_LENGTH
00	0820	HIST_DATA_SZ
00	9104	HISTORY_DATA
00	2000	LINK_URLS_SZ
00	9924	LINK_URLS
00	B924	BASE_URL
00	BA24	URL_SAVE_BUF
00	BB24	URL_SAVE_LEN
00	BB26	IMG_PAL_BUF
00	BE26	CUR_PAGE_URL
